========================================================================================================
PARAMETER IDENTIFICATION  (IR ~ 1.0 => behaving like random daily draws; IR -> 0 => well identified)
========================================================================================================

### Bates_2010-2012
param     variant      std(dp)    random      IR    pin%     ac1   verdict
--------------------------------------------------------------------------------------------------------
kappa     nonsent       1.2628    1.1795    1.07    5.8%    0.21   NOT identified
theta     nonsent       0.0505    0.0562    0.90    1.2%    0.06   NOT identified
sigma     nonsent       0.1506    0.2742    0.55    0.7%    0.42   weak
v0        nonsent       0.0359    0.0554    0.65    2.8%    0.58   weak
rho       nonsent       0.2397    0.3191    0.75    0.7%    0.23   weak
lambdaJ   nonsent       0.4842    0.7661    0.63    0.4%    0.25   weak
muJ       nonsent       0.0484    0.0939    0.52    0.3%    0.13   weak
sigmaJ    nonsent       0.0445    0.0740    0.60    0.7%    0.22   weak
kappa     sentiment     1.2663    1.1795    1.07    5.8%    0.21   NOT identified
theta     sentiment     0.0500    0.0562    0.89    1.2%    0.08   NOT identified
sigma     sentiment     0.1548    0.2762    0.56    0.7%    0.41   weak
v0        sentiment     0.0356    0.0554    0.64    3.1%    0.59   weak
rho       sentiment     0.2328    0.3181    0.73    0.5%    0.23   weak
lambdaJ   sentiment     0.4832    0.7656    0.63    0.4%    0.24   weak
muJ       sentiment     0.0477    0.0930    0.51    0.3%    0.12   weak
sigmaJ    sentiment     0.0449    0.0741    0.61    0.5%    0.20   weak

### Bates_2013-2015
param     variant      std(dp)    random      IR    pin%     ac1   verdict
--------------------------------------------------------------------------------------------------------
kappa     nonsent       1.4028    1.1830    1.19   11.4%    0.17   NOT identified
theta     nonsent       0.0534    0.0561    0.95    2.2%    0.19   NOT identified
sigma     nonsent       0.1608    0.2708    0.59    0.6%    0.15   weak
v0        nonsent       0.0528    0.0560    0.94    1.9%    0.28   NOT identified
rho       nonsent       0.2243    0.3150    0.71    0.4%    0.18   weak
lambdaJ   nonsent       0.5483    0.7750    0.71    0.4%    0.06   weak
muJ       nonsent       0.0490    0.0877    0.56    0.6%    0.09   weak
sigmaJ    nonsent       0.0491    0.0716    0.69    0.7%    0.16   weak
kappa     sentiment     1.4047    1.1830    1.19   11.4%    0.16   NOT identified
theta     sentiment     0.0534    0.0562    0.95    2.1%    0.19   NOT identified
sigma     sentiment     0.1616    0.2712    0.60    0.6%    0.14   weak
v0        sentiment     0.0528    0.0560    0.94    2.1%    0.28   NOT identified
rho       sentiment     0.2289    0.3161    0.72    0.3%    0.18   weak
lambdaJ   sentiment     0.5451    0.7716    0.71    0.4%    0.07   weak
muJ       sentiment     0.0491    0.0880    0.56    0.4%    0.09   weak
sigmaJ    sentiment     0.0497    0.0719    0.69    0.6%    0.17   weak

### Bates_2016-2019
param     variant      std(dp)    random      IR    pin%     ac1   verdict
--------------------------------------------------------------------------------------------------------
kappa     nonsent       1.3899    1.1836    1.17   19.3%    0.25   NOT identified
theta     nonsent       0.0608    0.0567    1.07    4.6%    0.14   NOT identified
sigma     nonsent       0.1326    0.2588    0.51    0.6%    0.27   weak
v0        nonsent       0.0518    0.0565    0.92    3.6%    0.36   NOT identified
rho       nonsent       0.2402    0.3239    0.74    0.5%    0.23   weak
lambdaJ   nonsent       0.4849    0.7728    0.63    0.2%    0.22   weak
muJ       nonsent       0.0406    0.0856    0.47    0.2%    0.14   moderate
sigmaJ    nonsent       0.0428    0.0736    0.58    0.4%    0.33   weak
kappa     sentiment     1.3903    1.1835    1.18   18.0%    0.25   NOT identified
theta     sentiment     0.0602    0.0568    1.06    4.1%    0.14   NOT identified
sigma     sentiment     0.1339    0.2631    0.51    0.5%    0.27   weak
v0        sentiment     0.0518    0.0565    0.92    3.7%    0.37   NOT identified
rho       sentiment     0.2412    0.3241    0.74    0.6%    0.24   weak
lambdaJ   sentiment     0.4909    0.7718    0.64    0.2%    0.22   weak
muJ       sentiment     0.0418    0.0857    0.49    0.2%    0.15   moderate
sigmaJ    sentiment     0.0434    0.0737    0.59    0.4%    0.34   weak

### Bates_2020-2022
param     variant      std(dp)    random      IR    pin%     ac1   verdict
--------------------------------------------------------------------------------------------------------
kappa     nonsent       0.9020    1.1834    0.76    2.8%    0.47   weak
theta     nonsent       0.0321    0.0562    0.57    0.8%    0.43   weak
sigma     nonsent       0.1375    0.2847    0.48    0.9%    0.16   moderate
v0        nonsent       0.0280    0.0542    0.52    3.5%    0.70   weak
rho       nonsent       0.1719    0.3257    0.53    0.9%    0.44   weak
lambdaJ   nonsent       0.3716    0.8003    0.46    0.7%    0.19   moderate
muJ       nonsent       0.0435    0.0921    0.47    0.8%    0.18   moderate
sigmaJ    nonsent       0.0339    0.0758    0.45    1.2%    0.37   moderate
kappa     sentiment     0.9089    1.1834    0.77    2.4%    0.43   weak
theta     sentiment     0.0318    0.0564    0.56    0.7%    0.38   weak
sigma     sentiment     0.1414    0.2850    0.50    1.1%    0.14   moderate
v0        sentiment     0.0279    0.0541    0.52    3.5%    0.69   weak
rho       sentiment     0.1721    0.3258    0.53    0.9%    0.45   weak
lambdaJ   sentiment     0.3736    0.7995    0.47    0.8%    0.20   moderate
muJ       sentiment     0.0440    0.0923    0.48    0.9%    0.20   moderate
sigmaJ    sentiment     0.0336    0.0760    0.44    1.2%    0.37   moderate

### Bergomi_2010-2012
param     variant      std(dp)    random      IR    pin%     ac1   verdict
--------------------------------------------------------------------------------------------------------
xi        nonsent       0.0193    0.0535    0.36    4.3%    0.83   moderate
nu        nonsent       0.6648    1.1581    0.57    5.1%    0.44   weak
rho       nonsent       0.3733    0.5182    0.72    1.5%    0.21   weak
beta      nonsent       3.9298    4.0532    0.97    2.7%    0.21   NOT identified
xi        sentiment     0.0194    0.0530    0.37    4.6%    0.82   moderate
nu        sentiment     0.6657    1.1594    0.57    5.1%    0.45   weak
rho       sentiment     0.3853    0.5271    0.73    1.6%    0.21   weak
beta      sentiment     3.9043    4.0561    0.96    3.1%    0.22   NOT identified

### Bergomi_2013-2015
param     variant      std(dp)    random      IR    pin%     ac1   verdict
--------------------------------------------------------------------------------------------------------
xi        nonsent       0.0367    0.0546    0.67    5.6%    0.53   weak
nu        nonsent       0.9937    1.1869    0.84    6.2%    0.22   NOT identified
rho       nonsent       0.3044    0.4849    0.63    1.9%    0.40   weak
beta      nonsent       4.6136    4.0773    1.13    7.7%    0.13   NOT identified
xi        sentiment     0.0362    0.0548    0.66    6.7%    0.56   weak
nu        sentiment     0.9923    1.1856    0.84    6.1%    0.22   NOT identified
rho       sentiment     0.3029    0.4860    0.62    1.9%    0.42   weak
beta      sentiment     4.5854    4.0782    1.12    6.9%    0.13   NOT identified

### Bergomi_2016-2019
param     variant      std(dp)    random      IR    pin%     ac1   verdict
--------------------------------------------------------------------------------------------------------
xi        nonsent       0.0274    0.0547    0.50    6.9%    0.77   weak
nu        nonsent       0.6966    1.1839    0.59    2.7%    0.45   weak
rho       nonsent       0.2361    0.5178    0.46    1.7%    0.62   moderate
beta      nonsent       3.8002    4.0801    0.93    7.7%    0.40   NOT identified
xi        sentiment     0.0266    0.0546    0.49    6.5%    0.78   moderate
nu        sentiment     0.6753    1.1806    0.57    2.8%    0.47   weak
rho       sentiment     0.2313    0.5123    0.45    1.7%    0.61   moderate
beta      sentiment     3.7324    4.0794    0.92    7.5%    0.40   NOT identified

### Bergomi_2020-2022
param     variant      std(dp)    random      IR    pin%     ac1   verdict
--------------------------------------------------------------------------------------------------------
xi        nonsent       0.0258    0.0541    0.48    7.2%    0.71   moderate
nu        nonsent       0.5700    1.2192    0.47    5.2%    0.68   moderate
rho       nonsent       0.2294    0.6485    0.35    1.5%    0.77   moderate
beta      nonsent       2.8752    4.0747    0.71    6.1%    0.59   weak
xi        sentiment     0.0258    0.0540    0.48    7.5%    0.71   moderate
nu        sentiment     0.5655    1.2197    0.46    5.5%    0.67   moderate
rho       sentiment     0.2224    0.6410    0.35    1.5%    0.75   moderate
beta      sentiment     2.8862    4.0741    0.71    5.7%    0.59   weak

### Heston_2010-2012
param     variant      std(dp)    random      IR    pin%     ac1   verdict
--------------------------------------------------------------------------------------------------------
kappa     nonsent       1.1548    1.1374    1.01    5.8%    0.18   NOT identified
theta     nonsent       0.0477    0.0528    0.91    5.0%    0.20   NOT identified
sigma     nonsent       0.1605    0.2389    0.67    9.3%    0.50   weak
v0        nonsent       0.0226    0.0505    0.45    6.5%    0.80   moderate
rho       nonsent       0.5003    0.6200    0.81    1.9%    0.16   NOT identified
kappa     sentiment     1.1570    1.1371    1.02    4.8%    0.17   NOT identified
theta     sentiment     0.0463    0.0528    0.88    4.7%    0.23   NOT identified
sigma     sentiment     0.1537    0.2360    0.65    9.1%    0.51   weak
v0        sentiment     0.0224    0.0504    0.44    6.0%    0.81   moderate
rho       sentiment     0.4528    0.5816    0.78    1.5%    0.15   weak

### Heston_2013-2015
param     variant      std(dp)    random      IR    pin%     ac1   verdict
--------------------------------------------------------------------------------------------------------
kappa     nonsent       1.2401    1.1429    1.08   15.3%    0.29   NOT identified
theta     nonsent       0.0584    0.0524    1.11    8.9%    0.20   NOT identified
sigma     nonsent       0.1467    0.2385    0.61    8.0%    0.38   weak
v0        nonsent       0.0450    0.0518    0.87   10.0%    0.48   NOT identified
rho       nonsent       0.3884    0.4855    0.80    1.5%    0.13   NOT identified
kappa     sentiment     1.2486    1.1429    1.09   16.1%    0.28   NOT identified
theta     sentiment     0.0586    0.0525    1.12    9.8%    0.19   NOT identified
sigma     sentiment     0.1476    0.2382    0.62    7.6%    0.39   weak
v0        sentiment     0.0455    0.0517    0.88   10.3%    0.48   NOT identified
rho       sentiment     0.4007    0.4981    0.80    1.5%    0.14   NOT identified

### Heston_2016-2019
param     variant      std(dp)    random      IR    pin%     ac1   verdict
--------------------------------------------------------------------------------------------------------
kappa     nonsent       1.2928    1.1430    1.13   13.9%    0.20   NOT identified
theta     nonsent       0.0591    0.0524    1.13    9.8%    0.15   NOT identified
sigma     nonsent       0.1319    0.2226    0.59    6.0%    0.39   weak
v0        nonsent       0.0468    0.0517    0.91    8.8%    0.40   NOT identified
rho       nonsent       0.3860    0.6137    0.63    1.5%    0.23   weak
kappa     sentiment     1.3073    1.1430    1.14   15.5%    0.21   NOT identified
theta     sentiment     0.0602    0.0526    1.15   10.7%    0.15   NOT identified
sigma     sentiment     0.1298    0.2198    0.59    5.9%    0.41   weak
v0        sentiment     0.0458    0.0516    0.89    8.7%    0.40   NOT identified
rho       sentiment     0.4145    0.6191    0.67    1.8%    0.24   weak

### Heston_2020-2022
param     variant      std(dp)    random      IR    pin%     ac1   verdict
--------------------------------------------------------------------------------------------------------
kappa     nonsent       0.8541    1.1430    0.75    2.7%    0.38   weak
theta     nonsent       0.0372    0.0530    0.70    3.3%    0.37   weak
sigma     nonsent       0.1182    0.2442    0.48    6.4%    0.51   moderate
v0        nonsent       0.0264    0.0500    0.53    7.3%    0.67   weak
rho       nonsent       0.2661    0.6485    0.41    0.9%    0.64   moderate
kappa     sentiment     0.8303    1.1430    0.73    2.5%    0.36   weak
theta     sentiment     0.0365    0.0530    0.69    3.1%    0.29   weak
sigma     sentiment     0.1242    0.2443    0.51    5.5%    0.39   weak
v0        sentiment     0.0257    0.0486    0.53    7.3%    0.68   weak
rho       sentiment     0.2195    0.6013    0.36    1.2%    0.63   moderate

### rBergomi_2010-2012
param     variant      std(dp)    random      IR    pin%     ac1   verdict
--------------------------------------------------------------------------------------------------------
xi        nonsent       0.0252    0.0496    0.51    0.5%    0.60   weak
nu        nonsent       0.9170    1.1179    0.82    9.3%    0.30   NOT identified
rho       nonsent       0.4274    0.5603    0.76    1.1%    0.21   weak
H         nonsent       0.1705    0.1749    0.97    4.6%    0.21   NOT identified
xi        sentiment     0.0254    0.0488    0.52    0.4%    0.58   weak
nu        sentiment     0.9239    1.1298    0.82    8.6%    0.30   NOT identified
rho       sentiment     0.4852    0.5874    0.83    2.0%    0.20   NOT identified
H         sentiment     0.1714    0.1755    0.98    4.7%    0.22   NOT identified

### rBergomi_2013-2015
param     variant      std(dp)    random      IR    pin%     ac1   verdict
--------------------------------------------------------------------------------------------------------
xi        nonsent       0.0365    0.0538    0.68    2.2%    0.44   weak
nu        nonsent       0.8815    1.1015    0.80    9.9%    0.20   NOT identified
rho       nonsent       0.4826    0.5667    0.85    1.7%    0.17   NOT identified
H         nonsent       0.1971    0.1809    1.09    5.9%    0.07   NOT identified
xi        sentiment     0.0358    0.0530    0.68    2.1%    0.46   weak
nu        sentiment     0.8865    1.1073    0.80    9.6%    0.19   NOT identified
rho       sentiment     0.4780    0.5690    0.84    1.8%    0.17   NOT identified
H         sentiment     0.1964    0.1809    1.08    5.6%    0.07   NOT identified

### rBergomi_2016-2019
param     variant      std(dp)    random      IR    pin%     ac1   verdict
--------------------------------------------------------------------------------------------------------
xi        nonsent       0.0387    0.0508    0.76    0.9%    0.24   weak
nu        nonsent       0.8356    1.1359    0.74    9.0%    0.23   weak
rho       nonsent       0.4791    0.6249    0.77    1.5%    0.27   weak
H         nonsent       0.1930    0.1793    1.08    4.5%    0.07   NOT identified
xi        sentiment     0.0371    0.0505    0.73    1.0%    0.27   weak
nu        sentiment     0.8082    1.1019    0.73    9.4%    0.24   weak
rho       sentiment     0.4321    0.6007    0.72    0.9%    0.27   weak
H         sentiment     0.1880    0.1783    1.05    3.7%    0.07   NOT identified

### rBergomi_2020-2022
param     variant      std(dp)    random      IR    pin%     ac1   verdict
--------------------------------------------------------------------------------------------------------
xi        nonsent       0.0236    0.0527    0.45    5.5%    0.70   moderate
nu        nonsent       0.4405    1.1400    0.39   12.6%    0.89   moderate
rho       nonsent       0.2419    0.6165    0.39    0.7%    0.75   moderate
H         nonsent       0.1082    0.1791    0.60    4.8%    0.66   weak
xi        sentiment     0.0253    0.0529    0.48    5.6%    0.64   moderate
nu        sentiment     0.4531    1.1139    0.41   10.7%    0.87   moderate
rho       sentiment     0.2044    0.5497    0.37    0.9%    0.71   moderate
H         sentiment     0.1113    0.1782    0.62    3.6%    0.58   weak

========================================================================================================
SUMMARY - mean identification ratio by model family (lower = better identified)
========================================================================================================
  Bergomi      mean IR = 0.65   (8/32 params behaving ~randomly)
  Bates        mean IR = 0.70   (16/64 params behaving ~randomly)
  rBergomi     mean IR = 0.73   (12/32 params behaving ~randomly)
  Heston       mean IR = 0.78   (18/40 params behaving ~randomly)

Wrote full_project_output/eval_surfaces/analysis/param_identification.csv
